2026-09-11 16:34:42,908 | INFO | Loading device configuration.
2026-09-11 16:34:42,908 | INFO | Device configuration loaded successfully.
2026-09-11 16:34:42,908 | INFO | Validating device configuration.
2026-09-11 16:34:42,909 | INFO | Device configuration validated successfully. 3 device(s) found.
2026-09-11 16:34:42,909 | INFO | Checking device: Localhost  (127.0.0.1)
2026-09-11 16:34:42,909 | INFO | Starting ping test for 127.0.0.1.
2026-09-11 16:34:45,952 | INFO | Ping test completed for 127.0.0.1. Packet loss: 0%, Average latency: 0 ms, Return code: 0
2026-09-11 16:34:45,952 | INFO | Localhost  is UP. Packet loss: 0%, Average latency: 0 ms, Health: Healthy
2026-09-11 16:34:45,955 | INFO | Checking device: Google DNS  (8.8.8.8)
2026-09-11 16:34:45,955 | INFO | Starting ping test for 8.8.8.8.
2026-09-11 16:34:49,041 | INFO | Ping test completed for 8.8.8.8. Packet loss: 0%, Average latency: 42 ms, Return code: 0
2026-09-11 16:34:49,041 | INFO | Google DNS  is UP. Packet loss: 0%, Average latency: 42 ms, Health: Healthy
2026-09-11 16:34:49,041 | INFO | Checking device: Test Device  (192.0.2.1)
2026-09-11 16:34:49,041 | INFO | Starting ping test for 192.0.2.1.
2026-09-11 16:34:55,990 | INFO | Ping test completed for 192.0.2.1. Packet loss: 100%, Average latency: None ms, Return code: 1
2026-09-11 16:34:55,991 | WARNING | Test Device  is DOWN. Return code: 1
2026-09-11 16:34:55,995 | INFO | Network report saved successfully.
2026-09-11 16:34:55,996 | INFO | Network diagnostic program completed.
2026-09-13 21:57:42,359 | INFO | Loading device configuration.
2026-09-13 21:57:42,379 | INFO | Device configuration loaded successfully.
2026-09-13 21:57:42,379 | INFO | Validating device configuration.
2026-09-13 21:57:42,379 | INFO | Device configuration validated successfully. 3 device(s) found.
2026-09-13 21:57:42,380 | INFO | Checking device: Localhost  (127.0.0.1)
2026-09-13 21:57:42,380 | INFO | Starting ping test for 127.0.0.1.
2026-09-13 21:57:45,445 | INFO | Ping test completed for 127.0.0.1. Packet loss: 0%, Average latency: 0 ms, Return code: 0
2026-09-13 21:57:45,445 | INFO | Localhost  is UP. Packet loss: 0%, Average latency: 0 ms, Health: Healthy
2026-09-13 21:57:45,446 | INFO | Checking device: Google DNS  (8.8.8.8)
2026-09-13 21:57:45,446 | INFO | Starting ping test for 8.8.8.8.
2026-09-13 21:57:48,549 | INFO | Ping test completed for 8.8.8.8. Packet loss: 0%, Average latency: 44 ms, Return code: 0
2026-09-13 21:57:48,550 | INFO | Google DNS  is UP. Packet loss: 0%, Average latency: 44 ms, Health: Healthy
2026-09-13 21:57:48,550 | INFO | Checking device: Test Device  (192.0.2.1)
2026-09-13 21:57:48,550 | INFO | Starting ping test for 192.0.2.1.
2026-09-13 21:57:55,189 | INFO | Ping test completed for 192.0.2.1. Packet loss: 100%, Average latency: None ms, Return code: 1
2026-09-13 21:57:55,190 | WARNING | Test Device  is DOWN. Return code: 1
2026-09-13 21:57:55,196 | INFO | Network report saved successfully.
2026-09-13 21:57:55,197 | INFO | Network diagnostic program completed.
2026-09-13 22:45:16,060 | INFO | Validating device configuration.
2026-09-13 22:45:16,061 | ERROR | Device configuration is empty.
2026-09-13 22:45:16,061 | INFO | Validating device configuration.
2026-09-13 22:45:16,062 | ERROR | Invalid IP address for Router: hello
2026-09-13 22:45:16,062 | INFO | Validating device configuration.
2026-09-13 22:45:16,062 | ERROR | A device is missing the 'ip' field.
2026-09-13 22:45:16,062 | INFO | Validating device configuration.
2026-09-13 22:45:16,063 | INFO | Device configuration validated successfully. 1 device(s) found.
2026-09-13 22:45:52,184 | INFO | Validating device configuration.
2026-09-13 22:45:52,185 | ERROR | Device configuration is empty.
2026-09-13 22:45:52,186 | INFO | Validating device configuration.
2026-09-13 22:45:52,186 | ERROR | Invalid IP address for Router: hello
2026-09-13 22:45:52,187 | INFO | Validating device configuration.
2026-09-13 22:45:52,187 | ERROR | A device is missing the 'ip' field.
2026-09-13 22:45:52,187 | INFO | Validating device configuration.
2026-09-13 22:45:52,188 | INFO | Device configuration validated successfully. 1 device(s) found.
2026-09-14 12:59:26,033 | INFO | Validating device configuration.
2026-09-14 12:59:26,034 | ERROR | Device configuration is empty.
2026-09-14 12:59:26,036 | INFO | Validating device configuration.
2026-09-14 12:59:26,036 | ERROR | Invalid IP address for Router: hello
2026-09-14 12:59:26,037 | INFO | Validating device configuration.
2026-09-14 12:59:26,038 | ERROR | A device is missing the 'ip' field.
2026-09-14 12:59:26,039 | INFO | Validating device configuration.
2026-09-14 12:59:26,039 | INFO | Device configuration validated successfully. 1 device(s) found.
